// Code generated by protoc-gen-go. DO NOT EDIT.
// source: tmp/2.proto

package test

import prpc "github.com/TriggerMail/luci-go/grpc/prpc"

import (
	fmt "fmt"
	proto "github.com/golang/protobuf/proto"
	context "golang.org/x/net/context"
	grpc "google.golang.org/grpc"
	math "math"
)

// Reference imports to suppress errors if they are not otherwise used.
var _ = proto.Marshal
var _ = fmt.Errorf
var _ = math.Inf

// This is a compile-time assertion to ensure that this generated file
// is compatible with the proto package it is being compiled against.
// A compilation error at this line likely means your copy of the
// proto package needs to be updated.
const _ = proto.ProtoPackageIsVersion2 // please upgrade the proto package

func init() { proto.RegisterFile("tmp/2.proto", fileDescriptor_ff8f45238be6f422) }

var fileDescriptor_ff8f45238be6f422 = []byte{
	// 59 bytes of a gzipped FileDescriptorProto
	0x1f, 0x8b, 0x08, 0x00, 0x00, 0x00, 0x00, 0x00, 0x02, 0xff, 0xe2, 0xe2, 0x2e, 0xc9, 0x2d, 0xd0,
	0x37, 0xd2, 0x2b, 0x28, 0xca, 0x2f, 0xc9, 0x17, 0x62, 0x29, 0x49, 0x2d, 0x2e, 0x31, 0x62, 0xe3,
	0x62, 0x09, 0x36, 0x8a, 0x37, 0x80, 0xd2, 0x86, 0x49, 0x6c, 0x60, 0x49, 0x63, 0x40, 0x00, 0x00,
	0x00, 0xff, 0xff, 0x3d, 0x27, 0x0f, 0x01, 0x2b, 0x00, 0x00, 0x00,
}

// Reference imports to suppress errors if they are not otherwise used.
var _ context.Context
var _ grpc.ClientConn

// This is a compile-time assertion to ensure that this generated file
// is compatible with the grpc package it is being compiled against.
const _ = grpc.SupportPackageIsVersion4

// S2_0Client is the client API for S2_0 service.
//
// For semantics around ctx use and closing/ending streaming RPCs, please refer to https://godoc.org/google.golang.org/grpc#ClientConn.NewStream.
type S2_0Client interface {
}
type s2_0PRPCClient struct {
	client *prpc.Client
}

func NewS2_0PRPCClient(client *prpc.Client) S2_0Client {
	return &s2_0PRPCClient{client}
}

type s2_0Client struct {
	cc *grpc.ClientConn
}

func NewS2_0Client(cc *grpc.ClientConn) S2_0Client {
	return &s2_0Client{cc}
}

// S2_0Server is the server API for S2_0 service.
type S2_0Server interface {
}

func RegisterS2_0Server(s prpc.Registrar, srv S2_0Server) {
	s.RegisterService(&_S2_0_serviceDesc, srv)
}

var _S2_0_serviceDesc = grpc.ServiceDesc{
	ServiceName: "test.S2_0",
	HandlerType: (*S2_0Server)(nil),
	Methods:     []grpc.MethodDesc{},
	Streams:     []grpc.StreamDesc{},
	Metadata:    "tmp/2.proto",
}

// S2_1Client is the client API for S2_1 service.
//
// For semantics around ctx use and closing/ending streaming RPCs, please refer to https://godoc.org/google.golang.org/grpc#ClientConn.NewStream.
type S2_1Client interface {
}
type s2_1PRPCClient struct {
	client *prpc.Client
}

func NewS2_1PRPCClient(client *prpc.Client) S2_1Client {
	return &s2_1PRPCClient{client}
}

type s2_1Client struct {
	cc *grpc.ClientConn
}

func NewS2_1Client(cc *grpc.ClientConn) S2_1Client {
	return &s2_1Client{cc}
}

// S2_1Server is the server API for S2_1 service.
type S2_1Server interface {
}

func RegisterS2_1Server(s prpc.Registrar, srv S2_1Server) {
	s.RegisterService(&_S2_1_serviceDesc, srv)
}

var _S2_1_serviceDesc = grpc.ServiceDesc{
	ServiceName: "test.S2_1",
	HandlerType: (*S2_1Server)(nil),
	Methods:     []grpc.MethodDesc{},
	Streams:     []grpc.StreamDesc{},
	Metadata:    "tmp/2.proto",
}
